// Jest Snapshot v1, https://goo.gl/fbAQLP

exports[`CustomCard component should match snapshot 1`] = `
<div>
  <div
    class="card"
    style="width: 18rem;"
  >
    <div
      class="card-body"
    >
      <h5
        class="card-title"
      >
        Titulo
      </h5>
      <p
        class="card-text"
      >
        Lorem ipsum dolor sit amet, consectetur adipiscing elit.
      </p>
      <a
        class="btn btn-primary"
        href="https://www.google.com"
      >
        Go somewhere
      </a>
    </div>
  </div>
</div>
`;
